at_proc.c:697:5:AirKissConnect	16	static
at_proc.c:716:5:RecvDataPars	32	static
at_proc.c:22:6:Set_WIFI_DATA	16	static
at_proc.c:28:6:Get_WIFI_DATA	16	static
at_proc.c:33:6:set_Socket_status	0	static
at_proc.c:37:10:get_Socket_status	0	static
at_proc.c:41:6:init_U2_data	0	static
at_proc.c:45:6:input_U2_data	0	static
at_proc.c:71:6:Init_Queue	0	static
at_proc.c:75:9:Queue_Full	0	static
at_proc.c:89:10:Queue_Empty	0	static
at_proc.c:96:6:EnQueue	16	static
at_proc.c:106:9:DeQueue	8	static
at_proc.c:380:5:Recv_Proc.part.3	536	static
at_proc.c:118:5:SPI_Input_Data_Proc	56	static
at_proc.c:187:9:delay_count	8	static
at_proc.c:203:9:match_ok	0	static
at_proc.c:215:9:match_wificon	16	static
at_proc.c:228:9:match_str	24	static
at_proc.c:241:5:Check_init	128	static
at_proc.c:276:5:AT_CMD_send	272	static
at_proc.c:316:5:AT_CMD_Proc	32	static
at_proc.c:380:5:Recv_Proc	8	static
at_proc.c:418:5:AT_Connect_Proc	32	static
at_proc.c:442:5:AT_trans_Proc	32	static
at_proc.c:479:5:AT_Server_Open_Proc	32	static
at_proc.c:519:5:AT_SEND_Proc	552	static
at_proc.c:597:5:AT_SEND_Proc1	16	static
at_proc.c:616:5:AT_AirKiss_Proc	32	static
at_proc.c:661:5:data_Proc	56	static
at_proc.c:51:9:U2_flag	16	static
at_proc.c:752:9:U2_test	16	static
at_proc.c:774:6:USART1_UART_change	8	static
